// Jest Snapshot v1, https://goo.gl/fbAQLP

exports[`Given I am on the home page The dropdown page matches the snapshot 1`] = `
<DocumentFragment>
  <div
    class="lodges"
  />
</DocumentFragment>
`;
