// Jest Snapshot v1, https://goo.gl/fbAQLP

exports[`When I am on a housing page The gallery component matches the snapshot 1`] = `<DocumentFragment />`;
